{"level":"info","message":"测试文字输出","timestamp":"2015-09-18T06:11:34.196Z"}
{"level":"info","message":"测试文字输出","timestamp":"2015-09-18T06:12:29.297Z"}
{"level":"info","message":"测试文字输出","timestamp":"2015-09-18T06:18:01.598Z"}
{"level":"info","message":"测试文字输出","timestamp":"2015-09-18T06:18:54.593Z"}
{"level":"info","message":"[Error: 出错啦]","timestamp":"2015-09-18T06:18:54.597Z"}
{"level":"info","message":"测试文字输出","timestamp":"2015-09-18T06:19:12.651Z"}
{"level":"error","message":"Error:出错啦, stack:Error: 出错啦\n    at Context.<anonymous> (/Users/tree/快盘/github/jtlogger/test/logger.js:40:15)\n    at callFn (/Users/tree/快盘/github/jtlogger/node_modules/gulp-mocha/node_modules/mocha/lib/runnable.js:286:21)\n    at Test.Runnable.run (/Users/tree/快盘/github/jtlogger/node_modules/gulp-mocha/node_modules/mocha/lib/runnable.js:279:7)\n    at Runner.runTest (/Users/tree/快盘/github/jtlogger/node_modules/gulp-mocha/node_modules/mocha/lib/runner.js:417:10)\n    at /Users/tree/快盘/github/jtlogger/node_modules/gulp-mocha/node_modules/mocha/lib/runner.js:524:12\n    at next (/Users/tree/快盘/github/jtlogger/node_modules/gulp-mocha/node_modules/mocha/lib/runner.js:338:14)\n    at /Users/tree/快盘/github/jtlogger/node_modules/gulp-mocha/node_modules/mocha/lib/runner.js:348:7\n    at next (/Users/tree/快盘/github/jtlogger/node_modules/gulp-mocha/node_modules/mocha/lib/runner.js:281:14)\n    at Immediate._onImmediate (/Users/tree/快盘/github/jtlogger/node_modules/gulp-mocha/node_modules/mocha/lib/runner.js:316:5)\n    at processImmediate [as _immediateCallback] (timers.js:371:17)","timestamp":"2015-09-18T06:19:12.657Z"}
{"level":"info","message":"测试文字输出","timestamp":"2015-09-18T06:22:19.215Z"}
{"level":"error","message":"Error:出错啦, stack:Error: 出错啦\n    at Context.<anonymous> (/Users/tree/快盘/github/jtlogger/test/logger.js:40:15)\n    at callFn (/Users/tree/快盘/github/jtlogger/node_modules/gulp-mocha/node_modules/mocha/lib/runnable.js:286:21)\n    at Test.Runnable.run (/Users/tree/快盘/github/jtlogger/node_modules/gulp-mocha/node_modules/mocha/lib/runnable.js:279:7)\n    at Runner.runTest (/Users/tree/快盘/github/jtlogger/node_modules/gulp-mocha/node_modules/mocha/lib/runner.js:417:10)\n    at /Users/tree/快盘/github/jtlogger/node_modules/gulp-mocha/node_modules/mocha/lib/runner.js:524:12\n    at next (/Users/tree/快盘/github/jtlogger/node_modules/gulp-mocha/node_modules/mocha/lib/runner.js:338:14)\n    at /Users/tree/快盘/github/jtlogger/node_modules/gulp-mocha/node_modules/mocha/lib/runner.js:348:7\n    at next (/Users/tree/快盘/github/jtlogger/node_modules/gulp-mocha/node_modules/mocha/lib/runner.js:281:14)\n    at Immediate._onImmediate (/Users/tree/快盘/github/jtlogger/node_modules/gulp-mocha/node_modules/mocha/lib/runner.js:316:5)\n    at processImmediate [as _immediateCallback] (timers.js:371:17)","timestamp":"2015-09-18T06:22:19.221Z"}
{"level":"info","message":"测试文字输出","timestamp":"2015-09-18T06:22:32.296Z"}
{"level":"error","message":"Error:出错啦, stack:Error: 出错啦\n    at Context.<anonymous> (/Users/tree/快盘/github/jtlogger/test/logger.js:40:15)\n    at callFn (/Users/tree/快盘/github/jtlogger/node_modules/gulp-mocha/node_modules/mocha/lib/runnable.js:286:21)\n    at Test.Runnable.run (/Users/tree/快盘/github/jtlogger/node_modules/gulp-mocha/node_modules/mocha/lib/runnable.js:279:7)\n    at Runner.runTest (/Users/tree/快盘/github/jtlogger/node_modules/gulp-mocha/node_modules/mocha/lib/runner.js:417:10)\n    at /Users/tree/快盘/github/jtlogger/node_modules/gulp-mocha/node_modules/mocha/lib/runner.js:524:12\n    at next (/Users/tree/快盘/github/jtlogger/node_modules/gulp-mocha/node_modules/mocha/lib/runner.js:338:14)\n    at /Users/tree/快盘/github/jtlogger/node_modules/gulp-mocha/node_modules/mocha/lib/runner.js:348:7\n    at next (/Users/tree/快盘/github/jtlogger/node_modules/gulp-mocha/node_modules/mocha/lib/runner.js:281:14)\n    at Immediate._onImmediate (/Users/tree/快盘/github/jtlogger/node_modules/gulp-mocha/node_modules/mocha/lib/runner.js:316:5)\n    at processImmediate [as _immediateCallback] (timers.js:371:17)","timestamp":"2015-09-18T06:22:32.303Z"}
{"level":"info","message":"测试文字输出","timestamp":"2015-09-18T06:23:23.116Z"}
{"level":"error","message":"Error:出错啦, stack:Error: 出错啦\n    at Context.<anonymous> (/Users/tree/快盘/github/jtlogger/test/logger.js:40:15)\n    at callFn (/Users/tree/快盘/github/jtlogger/node_modules/gulp-mocha/node_modules/mocha/lib/runnable.js:286:21)\n    at Test.Runnable.run (/Users/tree/快盘/github/jtlogger/node_modules/gulp-mocha/node_modules/mocha/lib/runnable.js:279:7)\n    at Runner.runTest (/Users/tree/快盘/github/jtlogger/node_modules/gulp-mocha/node_modules/mocha/lib/runner.js:417:10)\n    at /Users/tree/快盘/github/jtlogger/node_modules/gulp-mocha/node_modules/mocha/lib/runner.js:524:12\n    at next (/Users/tree/快盘/github/jtlogger/node_modules/gulp-mocha/node_modules/mocha/lib/runner.js:338:14)\n    at /Users/tree/快盘/github/jtlogger/node_modules/gulp-mocha/node_modules/mocha/lib/runner.js:348:7\n    at next (/Users/tree/快盘/github/jtlogger/node_modules/gulp-mocha/node_modules/mocha/lib/runner.js:281:14)\n    at Immediate._onImmediate (/Users/tree/快盘/github/jtlogger/node_modules/gulp-mocha/node_modules/mocha/lib/runner.js:316:5)\n    at processImmediate [as _immediateCallback] (timers.js:371:17)","timestamp":"2015-09-18T06:23:23.122Z"}
{"level":"info","message":"测试文字输出","timestamp":"2015-09-18T06:24:01.425Z"}
{"level":"error","message":"Error:出错啦, stack:Error: 出错啦\n    at Context.<anonymous> (/Users/tree/快盘/github/jtlogger/test/logger.js:41:15)\n    at callFn (/Users/tree/快盘/github/jtlogger/node_modules/gulp-mocha/node_modules/mocha/lib/runnable.js:286:21)\n    at Test.Runnable.run (/Users/tree/快盘/github/jtlogger/node_modules/gulp-mocha/node_modules/mocha/lib/runnable.js:279:7)\n    at Runner.runTest (/Users/tree/快盘/github/jtlogger/node_modules/gulp-mocha/node_modules/mocha/lib/runner.js:417:10)\n    at /Users/tree/快盘/github/jtlogger/node_modules/gulp-mocha/node_modules/mocha/lib/runner.js:524:12\n    at next (/Users/tree/快盘/github/jtlogger/node_modules/gulp-mocha/node_modules/mocha/lib/runner.js:338:14)\n    at /Users/tree/快盘/github/jtlogger/node_modules/gulp-mocha/node_modules/mocha/lib/runner.js:348:7\n    at next (/Users/tree/快盘/github/jtlogger/node_modules/gulp-mocha/node_modules/mocha/lib/runner.js:281:14)\n    at Immediate._onImmediate (/Users/tree/快盘/github/jtlogger/node_modules/gulp-mocha/node_modules/mocha/lib/runner.js:316:5)\n    at processImmediate [as _immediateCallback] (timers.js:371:17)","timestamp":"2015-09-18T06:24:01.432Z"}
{"level":"info","message":"测试文字输出","timestamp":"2015-09-18T06:24:23.120Z"}
{"level":"error","message":"Error:出错啦, stack:Error: 出错啦\n    at Context.<anonymous> (/Users/tree/快盘/github/jtlogger/test/logger.js:40:15)\n    at callFn (/Users/tree/快盘/github/jtlogger/node_modules/gulp-mocha/node_modules/mocha/lib/runnable.js:286:21)\n    at Test.Runnable.run (/Users/tree/快盘/github/jtlogger/node_modules/gulp-mocha/node_modules/mocha/lib/runnable.js:279:7)\n    at Runner.runTest (/Users/tree/快盘/github/jtlogger/node_modules/gulp-mocha/node_modules/mocha/lib/runner.js:417:10)\n    at /Users/tree/快盘/github/jtlogger/node_modules/gulp-mocha/node_modules/mocha/lib/runner.js:524:12\n    at next (/Users/tree/快盘/github/jtlogger/node_modules/gulp-mocha/node_modules/mocha/lib/runner.js:338:14)\n    at /Users/tree/快盘/github/jtlogger/node_modules/gulp-mocha/node_modules/mocha/lib/runner.js:348:7\n    at next (/Users/tree/快盘/github/jtlogger/node_modules/gulp-mocha/node_modules/mocha/lib/runner.js:281:14)\n    at Immediate._onImmediate (/Users/tree/快盘/github/jtlogger/node_modules/gulp-mocha/node_modules/mocha/lib/runner.js:316:5)\n    at processImmediate [as _immediateCallback] (timers.js:371:17)","timestamp":"2015-09-18T06:24:23.126Z"}
{"level":"info","message":"测试文字输出","timestamp":"2015-09-18T06:38:31.580Z"}
{"level":"error","message":"test error Error:出错啦, stack:Error: 出错啦\n    at Context.<anonymous> (/Users/tree/快盘/github/jtlogger/test/logger.js:40:15)\n    at callFn (/Users/tree/快盘/github/jtlogger/node_modules/gulp-mocha/node_modules/mocha/lib/runnable.js:286:21)\n    at Test.Runnable.run (/Users/tree/快盘/github/jtlogger/node_modules/gulp-mocha/node_modules/mocha/lib/runnable.js:279:7)\n    at Runner.runTest (/Users/tree/快盘/github/jtlogger/node_modules/gulp-mocha/node_modules/mocha/lib/runner.js:417:10)\n    at /Users/tree/快盘/github/jtlogger/node_modules/gulp-mocha/node_modules/mocha/lib/runner.js:524:12\n    at next (/Users/tree/快盘/github/jtlogger/node_modules/gulp-mocha/node_modules/mocha/lib/runner.js:338:14)\n    at /Users/tree/快盘/github/jtlogger/node_modules/gulp-mocha/node_modules/mocha/lib/runner.js:348:7\n    at next (/Users/tree/快盘/github/jtlogger/node_modules/gulp-mocha/node_modules/mocha/lib/runner.js:281:14)\n    at Immediate._onImmediate (/Users/tree/快盘/github/jtlogger/node_modules/gulp-mocha/node_modules/mocha/lib/runner.js:316:5)\n    at processImmediate [as _immediateCallback] (timers.js:371:17)","timestamp":"2015-09-18T06:38:31.586Z"}
{"level":"info","message":"测试文字输出","timestamp":"2015-09-18T06:39:22.478Z"}
{"level":"error","message":"test error Error:出错啦, stack:Error: 出错啦\n    at Context.<anonymous> (/Users/tree/快盘/github/jtlogger/test/logger.js:38:15)\n    at callFn (/Users/tree/快盘/github/jtlogger/node_modules/gulp-mocha/node_modules/mocha/lib/runnable.js:286:21)\n    at Test.Runnable.run (/Users/tree/快盘/github/jtlogger/node_modules/gulp-mocha/node_modules/mocha/lib/runnable.js:279:7)\n    at Runner.runTest (/Users/tree/快盘/github/jtlogger/node_modules/gulp-mocha/node_modules/mocha/lib/runner.js:417:10)\n    at /Users/tree/快盘/github/jtlogger/node_modules/gulp-mocha/node_modules/mocha/lib/runner.js:524:12\n    at next (/Users/tree/快盘/github/jtlogger/node_modules/gulp-mocha/node_modules/mocha/lib/runner.js:338:14)\n    at /Users/tree/快盘/github/jtlogger/node_modules/gulp-mocha/node_modules/mocha/lib/runner.js:348:7\n    at next (/Users/tree/快盘/github/jtlogger/node_modules/gulp-mocha/node_modules/mocha/lib/runner.js:281:14)\n    at Immediate._onImmediate (/Users/tree/快盘/github/jtlogger/node_modules/gulp-mocha/node_modules/mocha/lib/runner.js:316:5)\n    at processImmediate [as _immediateCallback] (timers.js:371:17)","timestamp":"2015-09-18T06:39:22.484Z"}
{"level":"info","message":"测试文字输出","timestamp":"2015-09-18T06:39:50.095Z"}
{"level":"error","message":"test error Error:出错啦, stack:Error: 出错啦\n    at Context.<anonymous> (/Users/tree/快盘/github/jtlogger/test/logger.js:38:15)\n    at callFn (/Users/tree/快盘/github/jtlogger/node_modules/gulp-mocha/node_modules/mocha/lib/runnable.js:286:21)\n    at Test.Runnable.run (/Users/tree/快盘/github/jtlogger/node_modules/gulp-mocha/node_modules/mocha/lib/runnable.js:279:7)\n    at Runner.runTest (/Users/tree/快盘/github/jtlogger/node_modules/gulp-mocha/node_modules/mocha/lib/runner.js:417:10)\n    at /Users/tree/快盘/github/jtlogger/node_modules/gulp-mocha/node_modules/mocha/lib/runner.js:524:12\n    at next (/Users/tree/快盘/github/jtlogger/node_modules/gulp-mocha/node_modules/mocha/lib/runner.js:338:14)\n    at /Users/tree/快盘/github/jtlogger/node_modules/gulp-mocha/node_modules/mocha/lib/runner.js:348:7\n    at next (/Users/tree/快盘/github/jtlogger/node_modules/gulp-mocha/node_modules/mocha/lib/runner.js:281:14)\n    at Immediate._onImmediate (/Users/tree/快盘/github/jtlogger/node_modules/gulp-mocha/node_modules/mocha/lib/runner.js:316:5)\n    at processImmediate [as _immediateCallback] (timers.js:371:17)","timestamp":"2015-09-18T06:39:50.104Z"}
{"level":"info","message":"测试文字输出","timestamp":"2015-09-18T06:46:03.473Z"}
{"level":"error","message":"test error Error:出错啦, stack:Error: 出错啦\n    at Context.<anonymous> (/Users/tree/快盘/github/jtlogger/test/logger.js:39:15)\n    at callFn (/Users/tree/快盘/github/jtlogger/node_modules/gulp-mocha/node_modules/mocha/lib/runnable.js:286:21)\n    at Test.Runnable.run (/Users/tree/快盘/github/jtlogger/node_modules/gulp-mocha/node_modules/mocha/lib/runnable.js:279:7)\n    at Runner.runTest (/Users/tree/快盘/github/jtlogger/node_modules/gulp-mocha/node_modules/mocha/lib/runner.js:417:10)\n    at /Users/tree/快盘/github/jtlogger/node_modules/gulp-mocha/node_modules/mocha/lib/runner.js:524:12\n    at next (/Users/tree/快盘/github/jtlogger/node_modules/gulp-mocha/node_modules/mocha/lib/runner.js:338:14)\n    at /Users/tree/快盘/github/jtlogger/node_modules/gulp-mocha/node_modules/mocha/lib/runner.js:348:7\n    at next (/Users/tree/快盘/github/jtlogger/node_modules/gulp-mocha/node_modules/mocha/lib/runner.js:281:14)\n    at Immediate._onImmediate (/Users/tree/快盘/github/jtlogger/node_modules/gulp-mocha/node_modules/mocha/lib/runner.js:316:5)\n    at processImmediate [as _immediateCallback] (timers.js:371:17)","timestamp":"2015-09-18T06:46:03.481Z"}
{"level":"info","message":"测试文字输出","timestamp":"2015-09-18T06:48:09.655Z"}
{"level":"error","message":"test error Error:出错啦, stack:Error: 出错啦\n    at Context.<anonymous> (/Users/tree/快盘/github/jtlogger/test/logger.js:30:15)\n    at callFn (/Users/tree/快盘/github/jtlogger/node_modules/gulp-mocha/node_modules/mocha/lib/runnable.js:286:21)\n    at Test.Runnable.run (/Users/tree/快盘/github/jtlogger/node_modules/gulp-mocha/node_modules/mocha/lib/runnable.js:279:7)\n    at Runner.runTest (/Users/tree/快盘/github/jtlogger/node_modules/gulp-mocha/node_modules/mocha/lib/runner.js:417:10)\n    at /Users/tree/快盘/github/jtlogger/node_modules/gulp-mocha/node_modules/mocha/lib/runner.js:524:12\n    at next (/Users/tree/快盘/github/jtlogger/node_modules/gulp-mocha/node_modules/mocha/lib/runner.js:338:14)\n    at /Users/tree/快盘/github/jtlogger/node_modules/gulp-mocha/node_modules/mocha/lib/runner.js:348:7\n    at next (/Users/tree/快盘/github/jtlogger/node_modules/gulp-mocha/node_modules/mocha/lib/runner.js:281:14)\n    at Immediate._onImmediate (/Users/tree/快盘/github/jtlogger/node_modules/gulp-mocha/node_modules/mocha/lib/runner.js:316:5)\n    at processImmediate [as _immediateCallback] (timers.js:371:17)","timestamp":"2015-09-18T06:48:09.662Z"}
{"level":"info","message":"测试文字输出","timestamp":"2015-09-18T06:53:14.899Z"}
{"level":"error","message":"test error Error:出错啦, stack:Error: 出错啦\n    at Context.<anonymous> (/Users/tree/快盘/github/jtlogger/test/logger.js:30:15)\n    at callFn (/Users/tree/快盘/github/jtlogger/node_modules/gulp-mocha/node_modules/mocha/lib/runnable.js:286:21)\n    at Test.Runnable.run (/Users/tree/快盘/github/jtlogger/node_modules/gulp-mocha/node_modules/mocha/lib/runnable.js:279:7)\n    at Runner.runTest (/Users/tree/快盘/github/jtlogger/node_modules/gulp-mocha/node_modules/mocha/lib/runner.js:417:10)\n    at /Users/tree/快盘/github/jtlogger/node_modules/gulp-mocha/node_modules/mocha/lib/runner.js:524:12\n    at next (/Users/tree/快盘/github/jtlogger/node_modules/gulp-mocha/node_modules/mocha/lib/runner.js:338:14)\n    at /Users/tree/快盘/github/jtlogger/node_modules/gulp-mocha/node_modules/mocha/lib/runner.js:348:7\n    at next (/Users/tree/快盘/github/jtlogger/node_modules/gulp-mocha/node_modules/mocha/lib/runner.js:281:14)\n    at Immediate._onImmediate (/Users/tree/快盘/github/jtlogger/node_modules/gulp-mocha/node_modules/mocha/lib/runner.js:316:5)\n    at processImmediate [as _immediateCallback] (timers.js:371:17)","timestamp":"2015-09-18T06:53:14.906Z"}
{"level":"info","message":"测试文字输出","timestamp":"2015-09-18T06:56:22.617Z"}
{"level":"error","message":"test error Error:出错啦, stack:Error: 出错啦\n    at Context.<anonymous> (/Users/tree/快盘/github/jtlogger/test/logger.js:30:15)\n    at callFn (/Users/tree/快盘/github/jtlogger/node_modules/gulp-mocha/node_modules/mocha/lib/runnable.js:286:21)\n    at Test.Runnable.run (/Users/tree/快盘/github/jtlogger/node_modules/gulp-mocha/node_modules/mocha/lib/runnable.js:279:7)\n    at Runner.runTest (/Users/tree/快盘/github/jtlogger/node_modules/gulp-mocha/node_modules/mocha/lib/runner.js:417:10)\n    at /Users/tree/快盘/github/jtlogger/node_modules/gulp-mocha/node_modules/mocha/lib/runner.js:524:12\n    at next (/Users/tree/快盘/github/jtlogger/node_modules/gulp-mocha/node_modules/mocha/lib/runner.js:338:14)\n    at /Users/tree/快盘/github/jtlogger/node_modules/gulp-mocha/node_modules/mocha/lib/runner.js:348:7\n    at next (/Users/tree/快盘/github/jtlogger/node_modules/gulp-mocha/node_modules/mocha/lib/runner.js:281:14)\n    at Immediate._onImmediate (/Users/tree/快盘/github/jtlogger/node_modules/gulp-mocha/node_modules/mocha/lib/runner.js:316:5)\n    at processImmediate [as _immediateCallback] (timers.js:371:17)","timestamp":"2015-09-18T06:56:22.622Z"}
{"level":"info","message":"测试文字输出","timestamp":"2015-09-18T07:01:45.735Z"}
{"level":"error","message":"test error Error:出错啦, stack:Error: 出错啦\n    at Context.<anonymous> (/Users/tree/快盘/github/jtlogger/test/logger.js:30:15)\n    at callFn (/Users/tree/快盘/github/jtlogger/node_modules/gulp-mocha/node_modules/mocha/lib/runnable.js:286:21)\n    at Test.Runnable.run (/Users/tree/快盘/github/jtlogger/node_modules/gulp-mocha/node_modules/mocha/lib/runnable.js:279:7)\n    at Runner.runTest (/Users/tree/快盘/github/jtlogger/node_modules/gulp-mocha/node_modules/mocha/lib/runner.js:417:10)\n    at /Users/tree/快盘/github/jtlogger/node_modules/gulp-mocha/node_modules/mocha/lib/runner.js:524:12\n    at next (/Users/tree/快盘/github/jtlogger/node_modules/gulp-mocha/node_modules/mocha/lib/runner.js:338:14)\n    at /Users/tree/快盘/github/jtlogger/node_modules/gulp-mocha/node_modules/mocha/lib/runner.js:348:7\n    at next (/Users/tree/快盘/github/jtlogger/node_modules/gulp-mocha/node_modules/mocha/lib/runner.js:281:14)\n    at Immediate._onImmediate (/Users/tree/快盘/github/jtlogger/node_modules/gulp-mocha/node_modules/mocha/lib/runner.js:316:5)\n    at processImmediate [as _immediateCallback] (timers.js:371:17)","timestamp":"2015-09-18T07:01:45.742Z"}
{"level":"info","message":"测试文字输出","timestamp":"2015-09-18T07:03:52.540Z"}
{"level":"error","message":"test error Error:出错啦, stack:Error: 出错啦\n    at Context.<anonymous> (/Users/tree/快盘/github/jtlogger/test/logger.js:30:15)\n    at callFn (/Users/tree/快盘/github/jtlogger/node_modules/gulp-mocha/node_modules/mocha/lib/runnable.js:286:21)\n    at Test.Runnable.run (/Users/tree/快盘/github/jtlogger/node_modules/gulp-mocha/node_modules/mocha/lib/runnable.js:279:7)\n    at Runner.runTest (/Users/tree/快盘/github/jtlogger/node_modules/gulp-mocha/node_modules/mocha/lib/runner.js:417:10)\n    at /Users/tree/快盘/github/jtlogger/node_modules/gulp-mocha/node_modules/mocha/lib/runner.js:524:12\n    at next (/Users/tree/快盘/github/jtlogger/node_modules/gulp-mocha/node_modules/mocha/lib/runner.js:338:14)\n    at /Users/tree/快盘/github/jtlogger/node_modules/gulp-mocha/node_modules/mocha/lib/runner.js:348:7\n    at next (/Users/tree/快盘/github/jtlogger/node_modules/gulp-mocha/node_modules/mocha/lib/runner.js:281:14)\n    at Immediate._onImmediate (/Users/tree/快盘/github/jtlogger/node_modules/gulp-mocha/node_modules/mocha/lib/runner.js:316:5)\n    at processImmediate [as _immediateCallback] (timers.js:371:17)","timestamp":"2015-09-18T07:03:52.546Z"}
{"level":"error","message":"afeb","timestamp":"2015-09-18T07:03:52.546Z"}
{"level":"error","message":"def","timestamp":"2015-09-18T07:03:53.549Z"}
{"level":"info","message":"测试文字输出","timestamp":"2015-09-18T07:04:56.521Z"}
{"level":"error","message":"test error Error:出错啦, stack:Error: 出错啦\n    at Context.<anonymous> (/Users/tree/快盘/github/jtlogger/test/logger.js:30:15)\n    at callFn (/Users/tree/快盘/github/jtlogger/node_modules/gulp-mocha/node_modules/mocha/lib/runnable.js:286:21)\n    at Test.Runnable.run (/Users/tree/快盘/github/jtlogger/node_modules/gulp-mocha/node_modules/mocha/lib/runnable.js:279:7)\n    at Runner.runTest (/Users/tree/快盘/github/jtlogger/node_modules/gulp-mocha/node_modules/mocha/lib/runner.js:417:10)\n    at /Users/tree/快盘/github/jtlogger/node_modules/gulp-mocha/node_modules/mocha/lib/runner.js:524:12\n    at next (/Users/tree/快盘/github/jtlogger/node_modules/gulp-mocha/node_modules/mocha/lib/runner.js:338:14)\n    at /Users/tree/快盘/github/jtlogger/node_modules/gulp-mocha/node_modules/mocha/lib/runner.js:348:7\n    at next (/Users/tree/快盘/github/jtlogger/node_modules/gulp-mocha/node_modules/mocha/lib/runner.js:281:14)\n    at Immediate._onImmediate (/Users/tree/快盘/github/jtlogger/node_modules/gulp-mocha/node_modules/mocha/lib/runner.js:316:5)\n    at processImmediate [as _immediateCallback] (timers.js:371:17)","timestamp":"2015-09-18T07:04:56.530Z"}
{"level":"error","message":"afeb","timestamp":"2015-09-18T07:04:56.530Z"}
{"level":"info","message":"测试文字输出","timestamp":"2015-09-18T07:15:14.785Z"}
{"level":"error","message":"test error Error:出错啦, stack:Error: 出错啦\n    at Context.<anonymous> (/Users/tree/快盘/github/jtlogger/test/logger.js:30:15)\n    at callFn (/Users/tree/快盘/github/jtlogger/node_modules/gulp-mocha/node_modules/mocha/lib/runnable.js:286:21)\n    at Test.Runnable.run (/Users/tree/快盘/github/jtlogger/node_modules/gulp-mocha/node_modules/mocha/lib/runnable.js:279:7)\n    at Runner.runTest (/Users/tree/快盘/github/jtlogger/node_modules/gulp-mocha/node_modules/mocha/lib/runner.js:417:10)\n    at /Users/tree/快盘/github/jtlogger/node_modules/gulp-mocha/node_modules/mocha/lib/runner.js:524:12\n    at next (/Users/tree/快盘/github/jtlogger/node_modules/gulp-mocha/node_modules/mocha/lib/runner.js:338:14)\n    at /Users/tree/快盘/github/jtlogger/node_modules/gulp-mocha/node_modules/mocha/lib/runner.js:348:7\n    at next (/Users/tree/快盘/github/jtlogger/node_modules/gulp-mocha/node_modules/mocha/lib/runner.js:281:14)\n    at Immediate._onImmediate (/Users/tree/快盘/github/jtlogger/node_modules/gulp-mocha/node_modules/mocha/lib/runner.js:316:5)\n    at processImmediate [as _immediateCallback] (timers.js:371:17)","timestamp":"2015-09-18T07:15:14.791Z"}
{"level":"info","message":"测试文字输出","timestamp":"2015-09-18T07:15:42.299Z"}
{"level":"error","message":"test error Error:出错啦, stack:Error: 出错啦\n    at Context.<anonymous> (/Users/tree/快盘/github/jtlogger/test/logger.js:30:15)\n    at callFn (/Users/tree/快盘/github/jtlogger/node_modules/gulp-mocha/node_modules/mocha/lib/runnable.js:286:21)\n    at Test.Runnable.run (/Users/tree/快盘/github/jtlogger/node_modules/gulp-mocha/node_modules/mocha/lib/runnable.js:279:7)\n    at Runner.runTest (/Users/tree/快盘/github/jtlogger/node_modules/gulp-mocha/node_modules/mocha/lib/runner.js:417:10)\n    at /Users/tree/快盘/github/jtlogger/node_modules/gulp-mocha/node_modules/mocha/lib/runner.js:524:12\n    at next (/Users/tree/快盘/github/jtlogger/node_modules/gulp-mocha/node_modules/mocha/lib/runner.js:338:14)\n    at /Users/tree/快盘/github/jtlogger/node_modules/gulp-mocha/node_modules/mocha/lib/runner.js:348:7\n    at next (/Users/tree/快盘/github/jtlogger/node_modules/gulp-mocha/node_modules/mocha/lib/runner.js:281:14)\n    at Immediate._onImmediate (/Users/tree/快盘/github/jtlogger/node_modules/gulp-mocha/node_modules/mocha/lib/runner.js:316:5)\n    at processImmediate [as _immediateCallback] (timers.js:371:17)","timestamp":"2015-09-18T07:15:42.306Z"}
{"level":"info","message":"测试文字输出","timestamp":"2015-09-18T07:16:23.895Z"}
{"level":"info","message":"测试文字输出","timestamp":"2015-09-18T07:16:47.609Z"}
{"level":"error","message":"test error Error:出错啦, stack:Error: 出错啦\n    at Context.<anonymous> (/Users/tree/快盘/github/jtlogger/test/logger.js:30:15)\n    at callFn (/Users/tree/快盘/github/jtlogger/node_modules/gulp-mocha/node_modules/mocha/lib/runnable.js:286:21)\n    at Test.Runnable.run (/Users/tree/快盘/github/jtlogger/node_modules/gulp-mocha/node_modules/mocha/lib/runnable.js:279:7)\n    at Runner.runTest (/Users/tree/快盘/github/jtlogger/node_modules/gulp-mocha/node_modules/mocha/lib/runner.js:417:10)\n    at /Users/tree/快盘/github/jtlogger/node_modules/gulp-mocha/node_modules/mocha/lib/runner.js:524:12\n    at next (/Users/tree/快盘/github/jtlogger/node_modules/gulp-mocha/node_modules/mocha/lib/runner.js:338:14)\n    at /Users/tree/快盘/github/jtlogger/node_modules/gulp-mocha/node_modules/mocha/lib/runner.js:348:7\n    at next (/Users/tree/快盘/github/jtlogger/node_modules/gulp-mocha/node_modules/mocha/lib/runner.js:281:14)\n    at Immediate._onImmediate (/Users/tree/快盘/github/jtlogger/node_modules/gulp-mocha/node_modules/mocha/lib/runner.js:316:5)\n    at processImmediate [as _immediateCallback] (timers.js:371:17)","timestamp":"2015-09-18T07:16:47.615Z"}
{"level":"info","message":"测试文字输出","timestamp":"2015-09-18T07:20:14.011Z"}
{"level":"info","message":"测试文字输出","timestamp":"2015-09-18T07:34:23.751Z"}
{"level":"error","message":"test error Error:出错啦, stack:Error: 出错啦\n    at Context.<anonymous> (/Users/tree/快盘/github/jtlogger/test/logger.js:30:15)\n    at callFn (/Users/tree/快盘/github/jtlogger/node_modules/gulp-mocha/node_modules/mocha/lib/runnable.js:286:21)\n    at Test.Runnable.run (/Users/tree/快盘/github/jtlogger/node_modules/gulp-mocha/node_modules/mocha/lib/runnable.js:279:7)\n    at Runner.runTest (/Users/tree/快盘/github/jtlogger/node_modules/gulp-mocha/node_modules/mocha/lib/runner.js:417:10)\n    at /Users/tree/快盘/github/jtlogger/node_modules/gulp-mocha/node_modules/mocha/lib/runner.js:524:12\n    at next (/Users/tree/快盘/github/jtlogger/node_modules/gulp-mocha/node_modules/mocha/lib/runner.js:338:14)\n    at /Users/tree/快盘/github/jtlogger/node_modules/gulp-mocha/node_modules/mocha/lib/runner.js:348:7\n    at next (/Users/tree/快盘/github/jtlogger/node_modules/gulp-mocha/node_modules/mocha/lib/runner.js:281:14)\n    at Immediate._onImmediate (/Users/tree/快盘/github/jtlogger/node_modules/gulp-mocha/node_modules/mocha/lib/runner.js:316:5)\n    at processImmediate [as _immediateCallback] (timers.js:371:17)","timestamp":"2015-09-18T07:34:23.759Z"}
{"level":"info","message":"测试文字输出","timestamp":"2015-09-18T07:35:05.540Z"}
{"level":"error","message":"test error Error:出错啦, stack:Error: 出错啦\n    at Context.<anonymous> (/Users/tree/快盘/github/jtlogger/test/logger.js:30:15)\n    at callFn (/Users/tree/快盘/github/jtlogger/node_modules/gulp-mocha/node_modules/mocha/lib/runnable.js:286:21)\n    at Test.Runnable.run (/Users/tree/快盘/github/jtlogger/node_modules/gulp-mocha/node_modules/mocha/lib/runnable.js:279:7)\n    at Runner.runTest (/Users/tree/快盘/github/jtlogger/node_modules/gulp-mocha/node_modules/mocha/lib/runner.js:417:10)\n    at /Users/tree/快盘/github/jtlogger/node_modules/gulp-mocha/node_modules/mocha/lib/runner.js:524:12\n    at next (/Users/tree/快盘/github/jtlogger/node_modules/gulp-mocha/node_modules/mocha/lib/runner.js:338:14)\n    at /Users/tree/快盘/github/jtlogger/node_modules/gulp-mocha/node_modules/mocha/lib/runner.js:348:7\n    at next (/Users/tree/快盘/github/jtlogger/node_modules/gulp-mocha/node_modules/mocha/lib/runner.js:281:14)\n    at Immediate._onImmediate (/Users/tree/快盘/github/jtlogger/node_modules/gulp-mocha/node_modules/mocha/lib/runner.js:316:5)\n    at processImmediate [as _immediateCallback] (timers.js:371:17)","timestamp":"2015-09-18T07:35:05.547Z"}
{"level":"info","message":"测试文字输出","timestamp":"2015-09-18T07:35:18.498Z"}
{"level":"error","message":"test error Error:出错啦, stack:Error: 出错啦\n    at Context.<anonymous> (/Users/tree/快盘/github/jtlogger/test/logger.js:30:15)\n    at callFn (/Users/tree/快盘/github/jtlogger/node_modules/gulp-mocha/node_modules/mocha/lib/runnable.js:286:21)\n    at Test.Runnable.run (/Users/tree/快盘/github/jtlogger/node_modules/gulp-mocha/node_modules/mocha/lib/runnable.js:279:7)\n    at Runner.runTest (/Users/tree/快盘/github/jtlogger/node_modules/gulp-mocha/node_modules/mocha/lib/runner.js:417:10)\n    at /Users/tree/快盘/github/jtlogger/node_modules/gulp-mocha/node_modules/mocha/lib/runner.js:524:12\n    at next (/Users/tree/快盘/github/jtlogger/node_modules/gulp-mocha/node_modules/mocha/lib/runner.js:338:14)\n    at /Users/tree/快盘/github/jtlogger/node_modules/gulp-mocha/node_modules/mocha/lib/runner.js:348:7\n    at next (/Users/tree/快盘/github/jtlogger/node_modules/gulp-mocha/node_modules/mocha/lib/runner.js:281:14)\n    at Immediate._onImmediate (/Users/tree/快盘/github/jtlogger/node_modules/gulp-mocha/node_modules/mocha/lib/runner.js:316:5)\n    at processImmediate [as _immediateCallback] (timers.js:371:17)","timestamp":"2015-09-18T07:35:18.504Z"}
{"level":"info","message":"测试文字输出","timestamp":"2015-09-18T07:37:46.026Z"}
{"level":"error","message":"test error Error:出错啦, stack:Error: 出错啦\n    at Context.<anonymous> (/Users/tree/快盘/github/jtlogger/test/logger.js:30:15)\n    at callFn (/Users/tree/快盘/github/jtlogger/node_modules/gulp-mocha/node_modules/mocha/lib/runnable.js:286:21)\n    at Test.Runnable.run (/Users/tree/快盘/github/jtlogger/node_modules/gulp-mocha/node_modules/mocha/lib/runnable.js:279:7)\n    at Runner.runTest (/Users/tree/快盘/github/jtlogger/node_modules/gulp-mocha/node_modules/mocha/lib/runner.js:417:10)\n    at /Users/tree/快盘/github/jtlogger/node_modules/gulp-mocha/node_modules/mocha/lib/runner.js:524:12\n    at next (/Users/tree/快盘/github/jtlogger/node_modules/gulp-mocha/node_modules/mocha/lib/runner.js:338:14)\n    at /Users/tree/快盘/github/jtlogger/node_modules/gulp-mocha/node_modules/mocha/lib/runner.js:348:7\n    at next (/Users/tree/快盘/github/jtlogger/node_modules/gulp-mocha/node_modules/mocha/lib/runner.js:281:14)\n    at Immediate._onImmediate (/Users/tree/快盘/github/jtlogger/node_modules/gulp-mocha/node_modules/mocha/lib/runner.js:316:5)\n    at processImmediate [as _immediateCallback] (timers.js:371:17)","timestamp":"2015-09-18T07:37:46.031Z"}
{"level":"info","message":"测试文字输出","timestamp":"2015-09-18T09:14:34.512Z"}
{"level":"error","message":"test error Error:出错啦, stack:Error: 出错啦\n    at Context.<anonymous> (/Users/tree/快盘/github/jtlogger/test/logger.js:30:15)\n    at callFn (/Users/tree/快盘/github/jtlogger/node_modules/gulp-mocha/node_modules/mocha/lib/runnable.js:286:21)\n    at Test.Runnable.run (/Users/tree/快盘/github/jtlogger/node_modules/gulp-mocha/node_modules/mocha/lib/runnable.js:279:7)\n    at Runner.runTest (/Users/tree/快盘/github/jtlogger/node_modules/gulp-mocha/node_modules/mocha/lib/runner.js:417:10)\n    at /Users/tree/快盘/github/jtlogger/node_modules/gulp-mocha/node_modules/mocha/lib/runner.js:524:12\n    at next (/Users/tree/快盘/github/jtlogger/node_modules/gulp-mocha/node_modules/mocha/lib/runner.js:338:14)\n    at /Users/tree/快盘/github/jtlogger/node_modules/gulp-mocha/node_modules/mocha/lib/runner.js:348:7\n    at next (/Users/tree/快盘/github/jtlogger/node_modules/gulp-mocha/node_modules/mocha/lib/runner.js:281:14)\n    at Immediate._onImmediate (/Users/tree/快盘/github/jtlogger/node_modules/gulp-mocha/node_modules/mocha/lib/runner.js:316:5)\n    at processImmediate [as _immediateCallback] (timers.js:371:17)","timestamp":"2015-09-18T09:14:34.519Z"}
{"level":"info","message":"测试文字输出","timestamp":"2015-09-18T09:49:27.724Z"}
{"level":"error","message":"test error Error:出错啦, stack:Error: 出错啦\n    at Context.<anonymous> (/Users/tree/快盘/github/jtlogger/test/logger.js:30:15)\n    at callFn (/Users/tree/快盘/github/jtlogger/node_modules/gulp-mocha/node_modules/mocha/lib/runnable.js:286:21)\n    at Test.Runnable.run (/Users/tree/快盘/github/jtlogger/node_modules/gulp-mocha/node_modules/mocha/lib/runnable.js:279:7)\n    at Runner.runTest (/Users/tree/快盘/github/jtlogger/node_modules/gulp-mocha/node_modules/mocha/lib/runner.js:417:10)\n    at /Users/tree/快盘/github/jtlogger/node_modules/gulp-mocha/node_modules/mocha/lib/runner.js:524:12\n    at next (/Users/tree/快盘/github/jtlogger/node_modules/gulp-mocha/node_modules/mocha/lib/runner.js:338:14)\n    at /Users/tree/快盘/github/jtlogger/node_modules/gulp-mocha/node_modules/mocha/lib/runner.js:348:7\n    at next (/Users/tree/快盘/github/jtlogger/node_modules/gulp-mocha/node_modules/mocha/lib/runner.js:281:14)\n    at Immediate._onImmediate (/Users/tree/快盘/github/jtlogger/node_modules/gulp-mocha/node_modules/mocha/lib/runner.js:316:5)\n    at processImmediate [as _immediateCallback] (timers.js:371:17)","timestamp":"2015-09-18T09:49:27.729Z"}
{"level":"info","message":"测试文字输出","timestamp":"2015-09-18T10:23:22.371Z"}
{"level":"error","message":"test error Error:出错啦, stack:Error: 出错啦\n    at Context.<anonymous> (/Users/tree/快盘/github/jtlogger/test/logger.js:30:15)\n    at callFn (/Users/tree/快盘/github/jtlogger/node_modules/gulp-mocha/node_modules/mocha/lib/runnable.js:286:21)\n    at Test.Runnable.run (/Users/tree/快盘/github/jtlogger/node_modules/gulp-mocha/node_modules/mocha/lib/runnable.js:279:7)\n    at Runner.runTest (/Users/tree/快盘/github/jtlogger/node_modules/gulp-mocha/node_modules/mocha/lib/runner.js:417:10)\n    at /Users/tree/快盘/github/jtlogger/node_modules/gulp-mocha/node_modules/mocha/lib/runner.js:524:12\n    at next (/Users/tree/快盘/github/jtlogger/node_modules/gulp-mocha/node_modules/mocha/lib/runner.js:338:14)\n    at /Users/tree/快盘/github/jtlogger/node_modules/gulp-mocha/node_modules/mocha/lib/runner.js:348:7\n    at next (/Users/tree/快盘/github/jtlogger/node_modules/gulp-mocha/node_modules/mocha/lib/runner.js:281:14)\n    at Immediate._onImmediate (/Users/tree/快盘/github/jtlogger/node_modules/gulp-mocha/node_modules/mocha/lib/runner.js:316:5)\n    at processImmediate [as _immediateCallback] (timers.js:371:17)","timestamp":"2015-09-18T10:23:22.379Z"}
{"level":"info","message":"测试文字输出","timestamp":"2015-09-19T04:10:54.677Z"}
{"level":"error","message":"test error Error:出错啦, stack:Error: 出错啦\n    at Context.<anonymous> (/Users/tree/快盘/github/jtlogger/test/logger.js:30:15)\n    at callFn (/Users/tree/快盘/github/jtlogger/node_modules/gulp-mocha/node_modules/mocha/lib/runnable.js:286:21)\n    at Test.Runnable.run (/Users/tree/快盘/github/jtlogger/node_modules/gulp-mocha/node_modules/mocha/lib/runnable.js:279:7)\n    at Runner.runTest (/Users/tree/快盘/github/jtlogger/node_modules/gulp-mocha/node_modules/mocha/lib/runner.js:417:10)\n    at /Users/tree/快盘/github/jtlogger/node_modules/gulp-mocha/node_modules/mocha/lib/runner.js:524:12\n    at next (/Users/tree/快盘/github/jtlogger/node_modules/gulp-mocha/node_modules/mocha/lib/runner.js:338:14)\n    at /Users/tree/快盘/github/jtlogger/node_modules/gulp-mocha/node_modules/mocha/lib/runner.js:348:7\n    at next (/Users/tree/快盘/github/jtlogger/node_modules/gulp-mocha/node_modules/mocha/lib/runner.js:281:14)\n    at Immediate._onImmediate (/Users/tree/快盘/github/jtlogger/node_modules/gulp-mocha/node_modules/mocha/lib/runner.js:316:5)\n    at processImmediate [as _immediateCallback] (timers.js:371:17)","timestamp":"2015-09-19T04:10:54.683Z"}
{"level":"info","message":"测试文字输出","timestamp":"2015-09-19T04:12:11.682Z"}
{"level":"error","message":"test error Error:出错啦, stack:Error: 出错啦\n    at Context.<anonymous> (/Users/tree/快盘/github/jtlogger/test/logger.js:30:15)\n    at callFn (/Users/tree/快盘/github/jtlogger/node_modules/gulp-mocha/node_modules/mocha/lib/runnable.js:286:21)\n    at Test.Runnable.run (/Users/tree/快盘/github/jtlogger/node_modules/gulp-mocha/node_modules/mocha/lib/runnable.js:279:7)\n    at Runner.runTest (/Users/tree/快盘/github/jtlogger/node_modules/gulp-mocha/node_modules/mocha/lib/runner.js:417:10)\n    at /Users/tree/快盘/github/jtlogger/node_modules/gulp-mocha/node_modules/mocha/lib/runner.js:524:12\n    at next (/Users/tree/快盘/github/jtlogger/node_modules/gulp-mocha/node_modules/mocha/lib/runner.js:338:14)\n    at /Users/tree/快盘/github/jtlogger/node_modules/gulp-mocha/node_modules/mocha/lib/runner.js:348:7\n    at next (/Users/tree/快盘/github/jtlogger/node_modules/gulp-mocha/node_modules/mocha/lib/runner.js:281:14)\n    at Immediate._onImmediate (/Users/tree/快盘/github/jtlogger/node_modules/gulp-mocha/node_modules/mocha/lib/runner.js:316:5)\n    at processImmediate [as _immediateCallback] (timers.js:371:17)","timestamp":"2015-09-19T04:12:11.687Z"}
{"level":"info","message":"测试文字输出","timestamp":"2015-09-19T04:13:55.119Z"}
{"level":"error","message":"test error Error:出错啦, stack:Error: 出错啦\n    at Context.<anonymous> (/Users/tree/快盘/github/jtlogger/test/logger.js:32:15)\n    at callFn (/Users/tree/快盘/github/jtlogger/node_modules/gulp-mocha/node_modules/mocha/lib/runnable.js:286:21)\n    at Test.Runnable.run (/Users/tree/快盘/github/jtlogger/node_modules/gulp-mocha/node_modules/mocha/lib/runnable.js:279:7)\n    at Runner.runTest (/Users/tree/快盘/github/jtlogger/node_modules/gulp-mocha/node_modules/mocha/lib/runner.js:417:10)\n    at /Users/tree/快盘/github/jtlogger/node_modules/gulp-mocha/node_modules/mocha/lib/runner.js:524:12\n    at next (/Users/tree/快盘/github/jtlogger/node_modules/gulp-mocha/node_modules/mocha/lib/runner.js:338:14)\n    at /Users/tree/快盘/github/jtlogger/node_modules/gulp-mocha/node_modules/mocha/lib/runner.js:348:7\n    at next (/Users/tree/快盘/github/jtlogger/node_modules/gulp-mocha/node_modules/mocha/lib/runner.js:281:14)\n    at Immediate._onImmediate (/Users/tree/快盘/github/jtlogger/node_modules/gulp-mocha/node_modules/mocha/lib/runner.js:316:5)\n    at processImmediate [as _immediateCallback] (timers.js:371:17)","timestamp":"2015-09-19T04:13:55.124Z"}
{"level":"info","message":"测试文字输出","timestamp":"2015-09-19T04:14:54.272Z"}
{"level":"error","message":"test error Error:出错啦, stack:Error: 出错啦\n    at Context.<anonymous> (/Users/tree/快盘/github/jtlogger/test/logger.js:41:15)\n    at callFn (/Users/tree/快盘/github/jtlogger/node_modules/gulp-mocha/node_modules/mocha/lib/runnable.js:286:21)\n    at Test.Runnable.run (/Users/tree/快盘/github/jtlogger/node_modules/gulp-mocha/node_modules/mocha/lib/runnable.js:279:7)\n    at Runner.runTest (/Users/tree/快盘/github/jtlogger/node_modules/gulp-mocha/node_modules/mocha/lib/runner.js:417:10)\n    at /Users/tree/快盘/github/jtlogger/node_modules/gulp-mocha/node_modules/mocha/lib/runner.js:524:12\n    at next (/Users/tree/快盘/github/jtlogger/node_modules/gulp-mocha/node_modules/mocha/lib/runner.js:338:14)\n    at /Users/tree/快盘/github/jtlogger/node_modules/gulp-mocha/node_modules/mocha/lib/runner.js:348:7\n    at next (/Users/tree/快盘/github/jtlogger/node_modules/gulp-mocha/node_modules/mocha/lib/runner.js:281:14)\n    at Immediate._onImmediate (/Users/tree/快盘/github/jtlogger/node_modules/gulp-mocha/node_modules/mocha/lib/runner.js:316:5)\n    at processImmediate [as _immediateCallback] (timers.js:371:17)","timestamp":"2015-09-19T04:14:54.277Z"}
{"level":"info","message":"测试文字输出","timestamp":"2015-09-19T04:16:50.657Z"}
{"level":"error","message":"test error Error:出错啦, stack:Error: 出错啦\n    at Context.<anonymous> (/Users/tree/快盘/github/jtlogger/test/logger.js:41:15)\n    at callFnAsync (/Users/tree/快盘/github/jtlogger/node_modules/gulp-mocha/node_modules/mocha/lib/runnable.js:306:8)\n    at Test.Runnable.run (/Users/tree/快盘/github/jtlogger/node_modules/gulp-mocha/node_modules/mocha/lib/runnable.js:261:7)\n    at Runner.runTest (/Users/tree/快盘/github/jtlogger/node_modules/gulp-mocha/node_modules/mocha/lib/runner.js:417:10)\n    at /Users/tree/快盘/github/jtlogger/node_modules/gulp-mocha/node_modules/mocha/lib/runner.js:524:12\n    at next (/Users/tree/快盘/github/jtlogger/node_modules/gulp-mocha/node_modules/mocha/lib/runner.js:338:14)\n    at /Users/tree/快盘/github/jtlogger/node_modules/gulp-mocha/node_modules/mocha/lib/runner.js:348:7\n    at next (/Users/tree/快盘/github/jtlogger/node_modules/gulp-mocha/node_modules/mocha/lib/runner.js:281:14)\n    at Immediate._onImmediate (/Users/tree/快盘/github/jtlogger/node_modules/gulp-mocha/node_modules/mocha/lib/runner.js:316:5)\n    at processImmediate [as _immediateCallback] (timers.js:371:17)","timestamp":"2015-09-19T04:16:50.663Z"}
{"level":"info","message":"测试文字输出","timestamp":"2015-09-19T04:17:20.441Z"}
{"level":"error","message":"test error Error:出错啦, stack:Error: 出错啦\n    at Context.<anonymous> (/Users/tree/快盘/github/jtlogger/test/logger.js:41:15)\n    at callFnAsync (/Users/tree/快盘/github/jtlogger/node_modules/gulp-mocha/node_modules/mocha/lib/runnable.js:306:8)\n    at Test.Runnable.run (/Users/tree/快盘/github/jtlogger/node_modules/gulp-mocha/node_modules/mocha/lib/runnable.js:261:7)\n    at Runner.runTest (/Users/tree/快盘/github/jtlogger/node_modules/gulp-mocha/node_modules/mocha/lib/runner.js:417:10)\n    at /Users/tree/快盘/github/jtlogger/node_modules/gulp-mocha/node_modules/mocha/lib/runner.js:524:12\n    at next (/Users/tree/快盘/github/jtlogger/node_modules/gulp-mocha/node_modules/mocha/lib/runner.js:338:14)\n    at /Users/tree/快盘/github/jtlogger/node_modules/gulp-mocha/node_modules/mocha/lib/runner.js:348:7\n    at next (/Users/tree/快盘/github/jtlogger/node_modules/gulp-mocha/node_modules/mocha/lib/runner.js:281:14)\n    at Immediate._onImmediate (/Users/tree/快盘/github/jtlogger/node_modules/gulp-mocha/node_modules/mocha/lib/runner.js:316:5)\n    at processImmediate [as _immediateCallback] (timers.js:371:17)","timestamp":"2015-09-19T04:17:20.449Z"}
{"level":"info","message":"测试文字输出","timestamp":"2015-09-19T04:18:10.355Z"}
{"level":"error","message":"test error Error:出错啦, stack:Error: 出错啦\n    at Context.<anonymous> (/Users/tree/快盘/github/jtlogger/test/logger.js:41:15)\n    at callFn (/Users/tree/快盘/github/jtlogger/node_modules/gulp-mocha/node_modules/mocha/lib/runnable.js:286:21)\n    at Test.Runnable.run (/Users/tree/快盘/github/jtlogger/node_modules/gulp-mocha/node_modules/mocha/lib/runnable.js:279:7)\n    at Runner.runTest (/Users/tree/快盘/github/jtlogger/node_modules/gulp-mocha/node_modules/mocha/lib/runner.js:417:10)\n    at /Users/tree/快盘/github/jtlogger/node_modules/gulp-mocha/node_modules/mocha/lib/runner.js:524:12\n    at next (/Users/tree/快盘/github/jtlogger/node_modules/gulp-mocha/node_modules/mocha/lib/runner.js:338:14)\n    at /Users/tree/快盘/github/jtlogger/node_modules/gulp-mocha/node_modules/mocha/lib/runner.js:348:7\n    at next (/Users/tree/快盘/github/jtlogger/node_modules/gulp-mocha/node_modules/mocha/lib/runner.js:281:14)\n    at Immediate._onImmediate (/Users/tree/快盘/github/jtlogger/node_modules/gulp-mocha/node_modules/mocha/lib/runner.js:316:5)\n    at processImmediate [as _immediateCallback] (timers.js:371:17)","timestamp":"2015-09-19T04:18:10.361Z"}
{"level":"info","message":"测试文字输出","timestamp":"2015-09-19T04:20:26.424Z"}
{"level":"error","message":"test error Error:出错啦, stack:Error: 出错啦\n    at Context.<anonymous> (/Users/tree/快盘/github/jtlogger/test/logger.js:41:15)\n    at callFnAsync (/Users/tree/快盘/github/jtlogger/node_modules/gulp-mocha/node_modules/mocha/lib/runnable.js:306:8)\n    at Test.Runnable.run (/Users/tree/快盘/github/jtlogger/node_modules/gulp-mocha/node_modules/mocha/lib/runnable.js:261:7)\n    at Runner.runTest (/Users/tree/快盘/github/jtlogger/node_modules/gulp-mocha/node_modules/mocha/lib/runner.js:417:10)\n    at /Users/tree/快盘/github/jtlogger/node_modules/gulp-mocha/node_modules/mocha/lib/runner.js:524:12\n    at next (/Users/tree/快盘/github/jtlogger/node_modules/gulp-mocha/node_modules/mocha/lib/runner.js:338:14)\n    at /Users/tree/快盘/github/jtlogger/node_modules/gulp-mocha/node_modules/mocha/lib/runner.js:348:7\n    at next (/Users/tree/快盘/github/jtlogger/node_modules/gulp-mocha/node_modules/mocha/lib/runner.js:281:14)\n    at Immediate._onImmediate (/Users/tree/快盘/github/jtlogger/node_modules/gulp-mocha/node_modules/mocha/lib/runner.js:316:5)\n    at processImmediate [as _immediateCallback] (timers.js:371:17)","timestamp":"2015-09-19T04:20:26.429Z"}
{"level":"info","message":"测试文字输出","timestamp":"2015-09-19T04:21:02.828Z"}
{"level":"error","message":"test error Error:出错啦, stack:Error: 出错啦\n    at Context.<anonymous> (/Users/tree/快盘/github/jtlogger/test/logger.js:41:15)\n    at callFnAsync (/Users/tree/快盘/github/jtlogger/node_modules/gulp-mocha/node_modules/mocha/lib/runnable.js:306:8)\n    at Test.Runnable.run (/Users/tree/快盘/github/jtlogger/node_modules/gulp-mocha/node_modules/mocha/lib/runnable.js:261:7)\n    at Runner.runTest (/Users/tree/快盘/github/jtlogger/node_modules/gulp-mocha/node_modules/mocha/lib/runner.js:417:10)\n    at /Users/tree/快盘/github/jtlogger/node_modules/gulp-mocha/node_modules/mocha/lib/runner.js:524:12\n    at next (/Users/tree/快盘/github/jtlogger/node_modules/gulp-mocha/node_modules/mocha/lib/runner.js:338:14)\n    at /Users/tree/快盘/github/jtlogger/node_modules/gulp-mocha/node_modules/mocha/lib/runner.js:348:7\n    at next (/Users/tree/快盘/github/jtlogger/node_modules/gulp-mocha/node_modules/mocha/lib/runner.js:281:14)\n    at Immediate._onImmediate (/Users/tree/快盘/github/jtlogger/node_modules/gulp-mocha/node_modules/mocha/lib/runner.js:316:5)\n    at processImmediate [as _immediateCallback] (timers.js:371:17)","timestamp":"2015-09-19T04:21:02.836Z"}
{"level":"info","message":"测试文字输出","timestamp":"2015-09-19T04:21:45.400Z"}
{"level":"error","message":"test error Error:出错啦, stack:Error: 出错啦\n    at Context.<anonymous> (/Users/tree/快盘/github/jtlogger/test/logger.js:40:15)\n    at callFnAsync (/Users/tree/快盘/github/jtlogger/node_modules/gulp-mocha/node_modules/mocha/lib/runnable.js:306:8)\n    at Test.Runnable.run (/Users/tree/快盘/github/jtlogger/node_modules/gulp-mocha/node_modules/mocha/lib/runnable.js:261:7)\n    at Runner.runTest (/Users/tree/快盘/github/jtlogger/node_modules/gulp-mocha/node_modules/mocha/lib/runner.js:417:10)\n    at /Users/tree/快盘/github/jtlogger/node_modules/gulp-mocha/node_modules/mocha/lib/runner.js:524:12\n    at next (/Users/tree/快盘/github/jtlogger/node_modules/gulp-mocha/node_modules/mocha/lib/runner.js:338:14)\n    at /Users/tree/快盘/github/jtlogger/node_modules/gulp-mocha/node_modules/mocha/lib/runner.js:348:7\n    at next (/Users/tree/快盘/github/jtlogger/node_modules/gulp-mocha/node_modules/mocha/lib/runner.js:281:14)\n    at Immediate._onImmediate (/Users/tree/快盘/github/jtlogger/node_modules/gulp-mocha/node_modules/mocha/lib/runner.js:316:5)\n    at processImmediate [as _immediateCallback] (timers.js:371:17)","timestamp":"2015-09-19T04:21:45.406Z"}
{"level":"info","message":"测试文字输出","timestamp":"2015-09-19T04:24:38.150Z"}
{"level":"error","message":"test error Error:出错啦, stack:Error: 出错啦\n    at Context.<anonymous> (/Users/tree/快盘/github/jtlogger/test/logger.js:40:15)\n    at callFnAsync (/Users/tree/快盘/github/jtlogger/node_modules/gulp-mocha/node_modules/mocha/lib/runnable.js:306:8)\n    at Test.Runnable.run (/Users/tree/快盘/github/jtlogger/node_modules/gulp-mocha/node_modules/mocha/lib/runnable.js:261:7)\n    at Runner.runTest (/Users/tree/快盘/github/jtlogger/node_modules/gulp-mocha/node_modules/mocha/lib/runner.js:417:10)\n    at /Users/tree/快盘/github/jtlogger/node_modules/gulp-mocha/node_modules/mocha/lib/runner.js:524:12\n    at next (/Users/tree/快盘/github/jtlogger/node_modules/gulp-mocha/node_modules/mocha/lib/runner.js:338:14)\n    at /Users/tree/快盘/github/jtlogger/node_modules/gulp-mocha/node_modules/mocha/lib/runner.js:348:7\n    at next (/Users/tree/快盘/github/jtlogger/node_modules/gulp-mocha/node_modules/mocha/lib/runner.js:281:14)\n    at Immediate._onImmediate (/Users/tree/快盘/github/jtlogger/node_modules/gulp-mocha/node_modules/mocha/lib/runner.js:316:5)\n    at processImmediate [as _immediateCallback] (timers.js:371:17)","timestamp":"2015-09-19T04:24:38.157Z"}
